// Jest Snapshot v1, https://goo.gl/fbAQLP

exports[`Home Page Snapshot builds home page correctly with search and meallist 1`] = `
<section
  className="error-page section"
>
  <div
    className="error-container"
  >
    <h1>
      oops! it's a dead end
    </h1>
    <a
      className="btn btn-primary"
      href="/"
      onClick={[Function]}
    >
      back home
    </a>
  </div>
</section>
`;
