// Jest Snapshot v1, https://goo.gl/fbAQLP

exports[`Loading component Snapshot builds loader correctly 1`] = `
<div
  className="loader"
/>
`;
